.E
Time:  0 wallclock secs ( 0.01 usr +  0.00 sys =  0.01 CPU)

!!!FAILURES!!!
Test Results:
Run: 1, Failures: 0, Errors: 1

There was 1 error:
1) /home/jbrestel/gusApps/toxobld/gus_home/lib/perl/GUS/Community/RadAnalysis/Processer/TwoClassPaGE.pm:89 - test_process(GUS::Community::RadAnalysis::Test::TestTwoClassPaGE)
**** InputError:  Parameter [pageInputFile] is missing in the config file


Test was not successful.
